Archive member included to satisfy reference by file (symbol)

/opt/st/stm32cubeide_1.5.1/plugins/com.st.stm32cube.ide.mcu.externaltools.gnu-tools-for-stm32.7-2018-q2-update.linux64_1.5.0.202011040924/tools/bin/../lib/gcc/arm-none-eabi/7.3.1/../../../../arm-none-eabi/lib/thumb/v6-m/libc_nano.a(lib_a-errno.o)
                              Core/Src/syscalls.o (__errno)
/opt/st/stm32cubeide_1.5.1/plugins/com.st.stm32cube.ide.mcu.externaltools.gnu-tools-for-stm32.7-2018-q2-update.linux64_1.5.0.202011040924/tools/bin/../lib/gcc/arm-none-eabi/7.3.1/../../../../arm-none-eabi/lib/thumb/v6-m/libc_nano.a(lib_a-exit.o)
                              /opt/st/stm32cubeide_1.5.1/plugins/com.st.stm32cube.ide.mcu.externaltools.gnu-tools-for-stm32.7-2018-q2-update.linux64_1.5.0.202011040924/tools/bin/../lib/gcc/arm-none-eabi/7.3.1/../../../../arm-none-eabi/lib/thumb/v6-m/crt0.o (exit)
/opt/st/stm32cubeide_1.5.1/plugins/com.st.stm32cube.ide.mcu.externaltools.gnu-tools-for-stm32.7-2018-q2-update.linux64_1.5.0.202011040924/tools/bin/../lib/gcc/arm-none-eabi/7.3.1/../../../../arm-none-eabi/lib/thumb/v6-m/libc_nano.a(lib_a-impure.o)
                              /opt/st/stm32cubeide_1.5.1/plugins/com.st.stm32cube.ide.mcu.externaltools.gnu-tools-for-stm32.7-2018-q2-update.linux64_1.5.0.202011040924/tools/bin/../lib/gcc/arm-none-eabi/7.3.1/../../../../arm-none-eabi/lib/thumb/v6-m/libc_nano.a(lib_a-exit.o) (_global_impure_ptr)
/opt/st/stm32cubeide_1.5.1/plugins/com.st.stm32cube.ide.mcu.externaltools.gnu-tools-for-stm32.7-2018-q2-update.linux64_1.5.0.202011040924/tools/bin/../lib/gcc/arm-none-eabi/7.3.1/../../../../arm-none-eabi/lib/thumb/v6-m/libc_nano.a(lib_a-init.o)
                              /opt/st/stm32cubeide_1.5.1/plugins/com.st.stm32cube.ide.mcu.externaltools.gnu-tools-for-stm32.7-2018-q2-update.linux64_1.5.0.202011040924/tools/bin/../lib/gcc/arm-none-eabi/7.3.1/../../../../arm-none-eabi/lib/thumb/v6-m/crt0.o (__libc_init_array)
/opt/st/stm32cubeide_1.5.1/plugins/com.st.stm32cube.ide.mcu.externaltools.gnu-tools-for-stm32.7-2018-q2-update.linux64_1.5.0.202011040924/tools/bin/../lib/gcc/arm-none-eabi/7.3.1/../../../../arm-none-eabi/lib/thumb/v6-m/libc_nano.a(lib_a-memset.o)
                              /opt/st/stm32cubeide_1.5.1/plugins/com.st.stm32cube.ide.mcu.externaltools.gnu-tools-for-stm32.7-2018-q2-update.linux64_1.5.0.202011040924/tools/bin/../lib/gcc/arm-none-eabi/7.3.1/../../../../arm-none-eabi/lib/thumb/v6-m/crt0.o (memset)
/opt/st/stm32cubeide_1.5.1/plugins/com.st.stm32cube.ide.mcu.externaltools.gnu-tools-for-stm32.7-2018-q2-update.linux64_1.5.0.202011040924/tools/bin/../lib/gcc/arm-none-eabi/7.3.1/thumb/v6-m/libgcc.a(_udivsi3.o)
                              Core/Src/system_stm32f0xx.o (__aeabi_uidiv)
/opt/st/stm32cubeide_1.5.1/plugins/com.st.stm32cube.ide.mcu.externaltools.gnu-tools-for-stm32.7-2018-q2-update.linux64_1.5.0.202011040924/tools/bin/../lib/gcc/arm-none-eabi/7.3.1/thumb/v6-m/libgcc.a(_dvmd_tls.o)
                              /opt/st/stm32cubeide_1.5.1/plugins/com.st.stm32cube.ide.mcu.externaltools.gnu-tools-for-stm32.7-2018-q2-update.linux64_1.5.0.202011040924/tools/bin/../lib/gcc/arm-none-eabi/7.3.1/thumb/v6-m/libgcc.a(_udivsi3.o) (__aeabi_idiv0)

Allocating common symbols
Common symbol       size              file

uwTick              0x4               Drivers/STM32F0xx_HAL_Driver/stm32f0xx_hal.o
pFlash              0x20              Drivers/STM32F0xx_HAL_Driver/stm32f0xx_hal_flash.o
hspi1               0x64              Core/Src/main.o

Discarded input sections

 .text          0x0000000000000000        0x0 /opt/st/stm32cubeide_1.5.1/plugins/com.st.stm32cube.ide.mcu.externaltools.gnu-tools-for-stm32.7-2018-q2-update.linux64_1.5.0.202011040924/tools/bin/../lib/gcc/arm-none-eabi/7.3.1/thumb/v6-m/crti.o
 .data          0x0000000000000000        0x0 /opt/st/stm32cubeide_1.5.1/plugins/com.st.stm32cube.ide.mcu.externaltools.gnu-tools-for-stm32.7-2018-q2-update.linux64_1.5.0.202011040924/tools/bin/../lib/gcc/arm-none-eabi/7.3.1/thumb/v6-m/crti.o
 .bss           0x0000000000000000        0x0 /opt/st/stm32cubeide_1.5.1/plugins/com.st.stm32cube.ide.mcu.externaltools.gnu-tools-for-stm32.7-2018-q2-update.linux64_1.5.0.202011040924/tools/bin/../lib/gcc/arm-none-eabi/7.3.1/thumb/v6-m/crti.o
 .data          0x0000000000000000        0x4 /opt/st/stm32cubeide_1.5.1/plugins/com.st.stm32cube.ide.mcu.externaltools.gnu-tools-for-stm32.7-2018-q2-update.linux64_1.5.0.202011040924/tools/bin/../lib/gcc/arm-none-eabi/7.3.1/thumb/v6-m/crtbegin.o
 .text          0x0000000000000000       0x78 /opt/st/stm32cubeide_1.5.1/plugins/com.st.stm32cube.ide.mcu.externaltools.gnu-tools-for-stm32.7-2018-q2-update.linux64_1.5.0.202011040924/tools/bin/../lib/gcc/arm-none-eabi/7.3.1/../../../../arm-none-eabi/lib/thumb/v6-m/crt0.o
[...]
Memory Configuration

Name             Origin             Length             Attributes
RAM              0x0000000020000000 0x0000000000001000 xrw
FLASH            0x0000000008000000 0x0000000000004000 xr
*default*        0x0000000000000000 0xffffffffffffffff

Linker script and memory map

LOAD /opt/st/stm32cubeide_1.5.1/plugins/com.st.stm32cube.ide.mcu.externaltools.gnu-tools-for-stm32.7-2018-q2-update.linux64_1.5.0.202011040924/tools/bin/../lib/gcc/arm-none-eabi/7.3.1/thumb/v6-m/crti.o
LOAD /opt/st/stm32cubeide_1.5.1/plugins/com.st.stm32cube.ide.mcu.externaltools.gnu-tools-for-stm32.7-2018-q2-update.linux64_1.5.0.202011040924/tools/bin/../lib/gcc/arm-none-eabi/7.3.1/thumb/v6-m/crtbegin.o
LOAD /opt/st/stm32cubeide_1.5.1/plugins/com.st.stm32cube.ide.mcu.externaltools.gnu-tools-for-stm32.7-2018-q2-update.linux64_1.5.0.202011040924/tools/bin/../lib/gcc/arm-none-eabi/7.3.1/../../../../arm-none-eabi/lib/thumb/v6-m/crt0.o
LOAD Core/Application/TheMain.o
LOAD Core/Src/main.o
LOAD Core/Src/stm32f0xx_hal_msp.o
LOAD Core/Src/stm32f0xx_it.o
LOAD Core/Src/syscalls.o
LOAD Core/Src/sysmem.o
LOAD Core/Src/system_stm32f0xx.o
LOAD Core/Startup/startup_stm32f030f4px.o
LOAD Drivers/STM32F0xx_HAL_Driver/stm32f0xx_hal.o
LOAD Drivers/STM32F0xx_HAL_Driver/stm32f0xx_hal_cortex.o
LOAD Drivers/STM32F0xx_HAL_Driver/stm32f0xx_hal_dma.o
LOAD Drivers/STM32F0xx_HAL_Driver/stm32f0xx_hal_exti.o
LOAD Drivers/STM32F0xx_HAL_Driver/stm32f0xx_hal_flash.o
LOAD Drivers/STM32F0xx_HAL_Driver/stm32f0xx_hal_flash_ex.o
LOAD Drivers/STM32F0xx_HAL_Driver/stm32f0xx_hal_gpio.o
LOAD Drivers/STM32F0xx_HAL_Driver/stm32f0xx_hal_i2c.o
LOAD Drivers/STM32F0xx_HAL_Driver/stm32f0xx_hal_i2c_ex.o
LOAD Drivers/STM32F0xx_HAL_Driver/stm32f0xx_hal_pwr.o
LOAD Drivers/STM32F0xx_HAL_Driver/stm32f0xx_hal_pwr_ex.o
LOAD Drivers/STM32F0xx_HAL_Driver/stm32f0xx_hal_rcc.o
LOAD Drivers/STM32F0xx_HAL_Driver/stm32f0xx_hal_rcc_ex.o
LOAD Drivers/STM32F0xx_HAL_Driver/stm32f0xx_hal_spi.o
LOAD Drivers/STM32F0xx_HAL_Driver/stm32f0xx_hal_spi_ex.o
LOAD Drivers/STM32F0xx_HAL_Driver/stm32f0xx_hal_tim.o
LOAD Drivers/STM32F0xx_HAL_Driver/stm32f0xx_hal_tim_ex.o
START GROUP
LOAD /opt/st/stm32cubeide_1.5.1/plugins/com.st.stm32cube.ide.mcu.externaltools.gnu-tools-for-stm32.7-2018-q2-update.linux64_1.5.0.202011040924/tools/bin/../lib/gcc/arm-none-eabi/7.3.1/../../../../arm-none-eabi/lib/thumb/v6-m/libstdc++_nano.a
LOAD /opt/st/stm32cubeide_1.5.1/plugins/com.st.stm32cube.ide.mcu.externaltools.gnu-tools-for-stm32.7-2018-q2-update.linux64_1.5.0.202011040924/tools/bin/../lib/gcc/arm-none-eabi/7.3.1/../../../../arm-none-eabi/lib/thumb/v6-m/libsupc++_nano.a
END GROUP
LOAD /opt/st/stm32cubeide_1.5.1/plugins/com.st.stm32cube.ide.mcu.externaltools.gnu-tools-for-stm32.7-2018-q2-update.linux64_1.5.0.202011040924/tools/bin/../lib/gcc/arm-none-eabi/7.3.1/../../../../arm-none-eabi/lib/thumb/v6-m/libstdc++_nano.a
LOAD /opt/st/stm32cubeide_1.5.1/plugins/com.st.stm32cube.ide.mcu.externaltools.gnu-tools-for-stm32.7-2018-q2-update.linux64_1.5.0.202011040924/tools/bin/../lib/gcc/arm-none-eabi/7.3.1/../../../../arm-none-eabi/lib/thumb/v6-m/libm.a
LOAD /opt/st/stm32cubeide_1.5.1/plugins/com.st.stm32cube.ide.mcu.externaltools.gnu-tools-for-stm32.7-2018-q2-update.linux64_1.5.0.202011040924/tools/bin/../lib/gcc/arm-none-eabi/7.3.1/../../../../arm-none-eabi/lib/thumb/v6-m/libc_nano.a
START GROUP
LOAD /opt/st/stm32cubeide_1.5.1/plugins/com.st.stm32cube.ide.mcu.externaltools.gnu-tools-for-stm32.7-2018-q2-update.linux64_1.5.0.202011040924/tools/bin/../lib/gcc/arm-none-eabi/7.3.1/thumb/v6-m/libgcc.a
LOAD /opt/st/stm32cubeide_1.5.1/plugins/com.st.stm32cube.ide.mcu.externaltools.gnu-tools-for-stm32.7-2018-q2-update.linux64_1.5.0.202011040924/tools/bin/../lib/gcc/arm-none-eabi/7.3.1/../../../../arm-none-eabi/lib/thumb/v6-m/libc_nano.a
END GROUP
START GROUP
LOAD /opt/st/stm32cubeide_1.5.1/plugins/com.st.stm32cube.ide.mcu.externaltools.gnu-tools-for-stm32.7-2018-q2-update.linux64_1.5.0.202011040924/tools/bin/../lib/gcc/arm-none-eabi/7.3.1/thumb/v6-m/libgcc.a
LOAD /opt/st/stm32cubeide_1.5.1/plugins/com.st.stm32cube.ide.mcu.externaltools.gnu-tools-for-stm32.7-2018-q2-update.linux64_1.5.0.202011040924/tools/bin/../lib/gcc/arm-none-eabi/7.3.1/../../../../arm-none-eabi/lib/thumb/v6-m/libc_nano.a
LOAD /opt/st/stm32cubeide_1.5.1/plugins/com.st.stm32cube.ide.mcu.externaltools.gnu-tools-for-stm32.7-2018-q2-update.linux64_1.5.0.202011040924/tools/bin/../lib/gcc/arm-none-eabi/7.3.1/../../../../arm-none-eabi/lib/thumb/v6-m/libnosys.a
END GROUP
START GROUP
LOAD /opt/st/stm32cubeide_1.5.1/plugins/com.st.stm32cube.ide.mcu.externaltools.gnu-tools-for-stm32.7-2018-q2-update.linux64_1.5.0.202011040924/tools/bin/../lib/gcc/arm-none-eabi/7.3.1/thumb/v6-m/libgcc.a
LOAD /opt/st/stm32cubeide_1.5.1/plugins/com.st.stm32cube.ide.mcu.externaltools.gnu-tools-for-stm32.7-2018-q2-update.linux64_1.5.0.202011040924/tools/bin/../lib/gcc/arm-none-eabi/7.3.1/../../../../arm-none-eabi/lib/thumb/v6-m/libc_nano.a
LOAD /opt/st/stm32cubeide_1.5.1/plugins/com.st.stm32cube.ide.mcu.externaltools.gnu-tools-for-stm32.7-2018-q2-update.linux64_1.5.0.202011040924/tools/bin/../lib/gcc/arm-none-eabi/7.3.1/../../../../arm-none-eabi/lib/thumb/v6-m/libnosys.a
END GROUP
LOAD /opt/st/stm32cubeide_1.5.1/plugins/com.st.stm32cube.ide.mcu.externaltools.gnu-tools-for-stm32.7-2018-q2-update.linux64_1.5.0.202011040924/tools/bin/../lib/gcc/arm-none-eabi/7.3.1/thumb/v6-m/crtend.o
LOAD /opt/st/stm32cubeide_1.5.1/plugins/com.st.stm32cube.ide.mcu.externaltools.gnu-tools-for-stm32.7-2018-q2-update.linux64_1.5.0.202011040924/tools/bin/../lib/gcc/arm-none-eabi/7.3.1/thumb/v6-m/crtn.o
                0x0000000020001000                _estack = (ORIGIN (RAM) + LENGTH (RAM))
                0x0000000000000200                _Min_Heap_Size = 0x200
                0x0000000000000400                _Min_Stack_Size = 0x400

.isr_vector     0x0000000008000000       0xc0
                0x0000000008000000                . = ALIGN (0x4)
 *(.isr_vector)
 .isr_vector    0x0000000008000000       0xc0 Core/Startup/startup_stm32f030f4px.o
                0x0000000008000000                g_pfnVectors
                0x00000000080000c0                . = ALIGN (0x4)

.text           0x00000000080000c0     0x13e8
                0x00000000080000c0                . = ALIGN (0x4)
 *(.text)
 .text          0x00000000080000c0       0x48 /opt/st/stm32cubeide_1.5.1/plugins/com.st.stm32cube.ide.mcu.externaltools.gnu-tools-for-stm32.7-2018-q2-update.linux64_1.5.0.202011040924/tools/bin/../lib/gcc/arm-none-eabi/7.3.1/thumb/v6-m/crtbegin.o
 .text          0x0000000008000108      0x114 /opt/st/stm32cubeide_1.5.1/plugins/com.st.stm32cube.ide.mcu.externaltools.gnu-tools-for-stm32.7-2018-q2-update.linux64_1.5.0.202011040924/tools/bin/../lib/gcc/arm-none-eabi/7.3.1/thumb/v6-m/libgcc.a(_udivsi3.o)
                0x0000000008000108                __udivsi3
                0x0000000008000108                __aeabi_uidiv
                0x0000000008000214                __aeabi_uidivmod
 .text          0x000000000800021c        0x4 /opt/st/stm32cubeide_1.5.1/plugins/com.st.stm32cube.ide.mcu.externaltools.gnu-tools-for-stm32.7-2018-q2-update.linux64_1.5.0.202011040924/tools/bin/../lib/gcc/arm-none-eabi/7.3.1/thumb/v6-m/libgcc.a(_dvmd_tls.o)
                0x000000000800021c                __aeabi_ldiv0
                0x000000000800021c                __aeabi_idiv0
 *(.text*)
 .text._ZN12_GLOBAL__N_112TheMainProxyEv
                0x0000000008000220        0x6 Core/Application/TheMain.o
 .text.TheMain  0x0000000008000226        0xe Core/Application/TheMain.o
                0x0000000008000226                TheMain
 .text.main     0x0000000008000234       0x1a Core/Src/main.o
                0x0000000008000234                main
 .text.SystemClock_Config
                0x000000000800024e       0x80 Core/Src/main.o
                0x000000000800024e                SystemClock_Config
 *fill*         0x00000000080002ce        0x2 
 .text.MX_SPI1_Init
                0x00000000080002d0       0x7c Core/Src/main.o
 .text.MX_GPIO_Init
                0x000000000800034c       0x5c Core/Src/main.o
 .text.Error_Handler
                0x00000000080003a8        0x8 Core/Src/main.o
                0x00000000080003a8                Error_Handler
 .text.HAL_MspInit
                0x00000000080003b0       0x48 Core/Src/stm32f0xx_hal_msp.o
                0x00000000080003b0                HAL_MspInit
 .text.HAL_SPI_MspInit
                0x00000000080003f8       0x98 Core/Src/stm32f0xx_hal_msp.o
                0x00000000080003f8                HAL_SPI_MspInit
 .text.NMI_Handler
                0x0000000008000490        0x6 Core/Src/stm32f0xx_it.o
                0x0000000008000490                NMI_Handler
 .text.HardFault_Handler
                0x0000000008000496        0x6 Core/Src/stm32f0xx_it.o
                0x0000000008000496                HardFault_Handler
 .text.SVC_Handler
                0x000000000800049c        0xa Core/Src/stm32f0xx_it.o
                0x000000000800049c                SVC_Handler
 .text.PendSV_Handler
                0x00000000080004a6        0xa Core/Src/stm32f0xx_it.o
                0x00000000080004a6                PendSV_Handler
 .text.SysTick_Handler
                0x00000000080004b0        0xe Core/Src/stm32f0xx_it.o
                0x00000000080004b0                SysTick_Handler
 .text.SystemInit
                0x00000000080004be        0xa Core/Src/system_stm32f0xx.o
                0x00000000080004be                SystemInit
 .text.Reset_Handler
                0x00000000080004c8       0x50 Core/Startup/startup_stm32f030f4px.o
                0x00000000080004c8                Reset_Handler
 .text.Default_Handler
                0x0000000008000518        0x2 Core/Startup/startup_stm32f030f4px.o
                0x0000000008000518                TIM1_CC_IRQHandler
                0x0000000008000518                I2C1_IRQHandler
                0x0000000008000518                SPI1_IRQHandler
                0x0000000008000518                EXTI2_3_IRQHandler
                0x0000000008000518                ADC1_IRQHandler
                0x0000000008000518                TIM17_IRQHandler
                0x0000000008000518                RTC_IRQHandler
                0x0000000008000518                TIM16_IRQHandler
                0x0000000008000518                TIM3_IRQHandler
                0x0000000008000518                EXTI4_15_IRQHandler
                0x0000000008000518                RCC_IRQHandler
                0x0000000008000518                DMA1_Channel1_IRQHandler
                0x0000000008000518                Default_Handler
                0x0000000008000518                TIM14_IRQHandler
                0x0000000008000518                DMA1_Channel4_5_IRQHandler
                0x0000000008000518                EXTI0_1_IRQHandler
                0x0000000008000518                WWDG_IRQHandler
                0x0000000008000518                DMA1_Channel2_3_IRQHandler
                0x0000000008000518                FLASH_IRQHandler
                0x0000000008000518                USART1_IRQHandler
                0x0000000008000518                TIM1_BRK_UP_TRG_COM_IRQHandler
 *fill*         0x000000000800051a        0x2 
 .text.HAL_Init
                0x000000000800051c       0x28 Drivers/STM32F0xx_HAL_Driver/stm32f0xx_hal.o
                0x000000000800051c                HAL_Init
 .text.HAL_InitTick
                0x0000000008000544       0x68 Drivers/STM32F0xx_HAL_Driver/stm32f0xx_hal.o
                0x0000000008000544                HAL_InitTick
 .text.HAL_IncTick
                0x00000000080005ac       0x24 Drivers/STM32F0xx_HAL_Driver/stm32f0xx_hal.o
                0x00000000080005ac                HAL_IncTick
 .text.HAL_GetTick
                0x00000000080005d0       0x14 Drivers/STM32F0xx_HAL_Driver/stm32f0xx_hal.o
                0x00000000080005d0                HAL_GetTick
 .text.__NVIC_SetPriority
                0x00000000080005e4       0xdc Drivers/STM32F0xx_HAL_Driver/stm32f0xx_hal_cortex.o
 .text.SysTick_Config
                0x00000000080006c0       0x48 Drivers/STM32F0xx_HAL_Driver/stm32f0xx_hal_cortex.o
 .text.HAL_NVIC_SetPriority
                0x0000000008000708       0x2a Drivers/STM32F0xx_HAL_Driver/stm32f0xx_hal_cortex.o
                0x0000000008000708                HAL_NVIC_SetPriority
 .text.HAL_SYSTICK_Config
                0x0000000008000732       0x1a Drivers/STM32F0xx_HAL_Driver/stm32f0xx_hal_cortex.o
                0x0000000008000732                HAL_SYSTICK_Config
 .text.HAL_GPIO_Init
                0x000000000800074c      0x2e0 Drivers/STM32F0xx_HAL_Driver/stm32f0xx_hal_gpio.o
                0x000000000800074c                HAL_GPIO_Init
 .text.HAL_RCC_OscConfig
                0x0000000008000a2c      0x638 Drivers/STM32F0xx_HAL_Driver/stm32f0xx_hal_rcc.o
                0x0000000008000a2c                HAL_RCC_OscConfig
 .text.HAL_RCC_ClockConfig
                0x0000000008001064      0x19c Drivers/STM32F0xx_HAL_Driver/stm32f0xx_hal_rcc.o
                0x0000000008001064                HAL_RCC_ClockConfig
 .text.HAL_RCC_GetSysClockFreq
                0x0000000008001200       0xc8 Drivers/STM32F0xx_HAL_Driver/stm32f0xx_hal_rcc.o
                0x0000000008001200                HAL_RCC_GetSysClockFreq
 .text.HAL_SPI_Init
                0x00000000080012c8      0x170 Drivers/STM32F0xx_HAL_Driver/stm32f0xx_hal_spi.o
                0x00000000080012c8                HAL_SPI_Init
 .text.__libc_init_array
                0x0000000008001438       0x48 /opt/st/stm32cubeide_1.5.1/plugins/com.st.stm32cube.ide.mcu.externaltools.gnu-tools-for-stm32.7-2018-q2-update.linux64_1.5.0.202011040924/tools/bin/../lib/gcc/arm-none-eabi/7.3.1/../../../../arm-none-eabi/lib/thumb/v6-m/libc_nano.a(lib_a-init.o)
                0x0000000008001438                __libc_init_array
 .text.memset   0x0000000008001480       0x10 /opt/st/stm32cubeide_1.5.1/plugins/com.st.stm32cube.ide.mcu.externaltools.gnu-tools-for-stm32.7-2018-q2-update.linux64_1.5.0.202011040924/tools/bin/../lib/gcc/arm-none-eabi/7.3.1/../../../../arm-none-eabi/lib/thumb/v6-m/libc_nano.a(lib_a-memset.o)
                0x0000000008001480                memset
 *(.glue_7)
 .glue_7        0x0000000008001490        0x0 linker stubs
 *(.glue_7t)
 .glue_7t       0x0000000008001490        0x0 linker stubs
 *(.eh_frame)
 .eh_frame      0x0000000008001490        0x0 /opt/st/stm32cubeide_1.5.1/plugins/com.st.stm32cube.ide.mcu.externaltools.gnu-tools-for-stm32.7-2018-q2-update.linux64_1.5.0.202011040924/tools/bin/../lib/gcc/arm-none-eabi/7.3.1/thumb/v6-m/crtbegin.o
 *(.init)
 .init          0x0000000008001490        0x4 /opt/st/stm32cubeide_1.5.1/plugins/com.st.stm32cube.ide.mcu.externaltools.gnu-tools-for-stm32.7-2018-q2-update.linux64_1.5.0.202011040924/tools/bin/../lib/gcc/arm-none-eabi/7.3.1/thumb/v6-m/crti.o
                0x0000000008001490                _init
 .init          0x0000000008001494        0x8 /opt/st/stm32cubeide_1.5.1/plugins/com.st.stm32cube.ide.mcu.externaltools.gnu-tools-for-stm32.7-2018-q2-update.linux64_1.5.0.202011040924/tools/bin/../lib/gcc/arm-none-eabi/7.3.1/thumb/v6-m/crtn.o
 *(.fini)
 .fini          0x000000000800149c        0x4 /opt/st/stm32cubeide_1.5.1/plugins/com.st.stm32cube.ide.mcu.externaltools.gnu-tools-for-stm32.7-2018-q2-update.linux64_1.5.0.202011040924/tools/bin/../lib/gcc/arm-none-eabi/7.3.1/thumb/v6-m/crti.o
                0x000000000800149c                _fini
 .fini          0x00000000080014a0        0x8 /opt/st/stm32cubeide_1.5.1/plugins/com.st.stm32cube.ide.mcu.externaltools.gnu-tools-for-stm32.7-2018-q2-update.linux64_1.5.0.202011040924/tools/bin/../lib/gcc/arm-none-eabi/7.3.1/thumb/v6-m/crtn.o
                0x00000000080014a8                . = ALIGN (0x4)
                0x00000000080014a8                _etext = .

.vfp11_veneer   0x00000000080014a8        0x0
 .vfp11_veneer  0x00000000080014a8        0x0 linker stubs

.v4_bx          0x00000000080014a8        0x0
 .v4_bx         0x00000000080014a8        0x0 linker stubs

.iplt           0x00000000080014a8        0x0
 .iplt          0x00000000080014a8        0x0 /opt/st/stm32cubeide_1.5.1/plugins/com.st.stm32cube.ide.mcu.externaltools.gnu-tools-for-stm32.7-2018-q2-update.linux64_1.5.0.202011040924/tools/bin/../lib/gcc/arm-none-eabi/7.3.1/thumb/v6-m/crtbegin.o

.rodata         0x00000000080014a8       0x30
                0x00000000080014a8                . = ALIGN (0x4)
 *(.rodata)
 .rodata        0x00000000080014a8       0x20 Drivers/STM32F0xx_HAL_Driver/stm32f0xx_hal_rcc.o
 *(.rodata*)
 .rodata.AHBPrescTable
                0x00000000080014c8       0x10 Core/Src/system_stm32f0xx.o
                0x00000000080014c8                AHBPrescTable
                0x00000000080014d8                . = ALIGN (0x4)

.rel.dyn        0x00000000080014d8        0x0
 .rel.iplt      0x00000000080014d8        0x0 /opt/st/stm32cubeide_1.5.1/plugins/com.st.stm32cube.ide.mcu.externaltools.gnu-tools-for-stm32.7-2018-q2-update.linux64_1.5.0.202011040924/tools/bin/../lib/gcc/arm-none-eabi/7.3.1/thumb/v6-m/crtbegin.o

.ARM.extab      0x00000000080014d8        0x0
                0x00000000080014d8                . = ALIGN (0x4)
 *(.ARM.extab* .gnu.linkonce.armextab.*)
                0x00000000080014d8                . = ALIGN (0x4)

.ARM            0x00000000080014d8        0x0
                0x00000000080014d8                . = ALIGN (0x4)
                0x00000000080014d8                __exidx_start = .
 *(.ARM.exidx*)
                0x00000000080014d8                __exidx_end = .
                0x00000000080014d8                . = ALIGN (0x4)

.preinit_array  0x00000000080014d8        0x0
                0x00000000080014d8                . = ALIGN (0x4)
                0x00000000080014d8                PROVIDE (__preinit_array_start = .)
 *(.preinit_array*)
                0x00000000080014d8                PROVIDE (__preinit_array_end = .)
                0x00000000080014d8                . = ALIGN (0x4)

.init_array     0x00000000080014d8        0x4
                0x00000000080014d8                . = ALIGN (0x4)
                0x00000000080014d8                PROVIDE (__init_array_start = .)
 *(SORT_BY_NAME(.init_array.*))
 *(.init_array*)
 .init_array    0x00000000080014d8        0x4 /opt/st/stm32cubeide_1.5.1/plugins/com.st.stm32cube.ide.mcu.externaltools.gnu-tools-for-stm32.7-2018-q2-update.linux64_1.5.0.202011040924/tools/bin/../lib/gcc/arm-none-eabi/7.3.1/thumb/v6-m/crtbegin.o
                0x00000000080014dc                PROVIDE (__init_array_end = .)
                0x00000000080014dc                . = ALIGN (0x4)

.fini_array     0x00000000080014dc        0x4
                0x00000000080014dc                . = ALIGN (0x4)
                [!provide]                        PROVIDE (__fini_array_start = .)
 *(SORT_BY_NAME(.fini_array.*))
 *(.fini_array*)
 .fini_array    0x00000000080014dc        0x4 /opt/st/stm32cubeide_1.5.1/plugins/com.st.stm32cube.ide.mcu.externaltools.gnu-tools-for-stm32.7-2018-q2-update.linux64_1.5.0.202011040924/tools/bin/../lib/gcc/arm-none-eabi/7.3.1/thumb/v6-m/crtbegin.o
                [!provide]                        PROVIDE (__fini_array_end = .)
                0x00000000080014e0                . = ALIGN (0x4)
                0x00000000080014e0                _sidata = LOADADDR (.data)

.data           0x0000000020000000        0xc load address 0x00000000080014e0
                0x0000000020000000                . = ALIGN (0x4)
                0x0000000020000000                _sdata = .
 *(.data)
 *(.data*)
 .data.SystemCoreClock
                0x0000000020000000        0x4 Core/Src/system_stm32f0xx.o
                0x0000000020000000                SystemCoreClock
 .data.uwTickPrio
                0x0000000020000004        0x4 Drivers/STM32F0xx_HAL_Driver/stm32f0xx_hal.o
                0x0000000020000004                uwTickPrio
 .data.uwTickFreq
                0x0000000020000008        0x1 Drivers/STM32F0xx_HAL_Driver/stm32f0xx_hal.o
                0x0000000020000008                uwTickFreq
 *(.RamFunc)
 *(.RamFunc*)
                0x000000002000000c                . = ALIGN (0x4)
 *fill*         0x0000000020000009        0x3 
                0x000000002000000c                _edata = .

.igot.plt       0x000000002000000c        0x0 load address 0x00000000080014ec
 .igot.plt      0x000000002000000c        0x0 /opt/st/stm32cubeide_1.5.1/plugins/com.st.stm32cube.ide.mcu.externaltools.gnu-tools-for-stm32.7-2018-q2-update.linux64_1.5.0.202011040924/tools/bin/../lib/gcc/arm-none-eabi/7.3.1/thumb/v6-m/crtbegin.o
                0x000000002000000c                . = ALIGN (0x4)

.bss            0x000000002000000c       0x84 load address 0x00000000080014ec
                0x000000002000000c                _sbss = .
                0x000000002000000c                __bss_start__ = _sbss
 *(.bss)
 .bss           0x000000002000000c       0x1c /opt/st/stm32cubeide_1.5.1/plugins/com.st.stm32cube.ide.mcu.externaltools.gnu-tools-for-stm32.7-2018-q2-update.linux64_1.5.0.202011040924/tools/bin/../lib/gcc/arm-none-eabi/7.3.1/thumb/v6-m/crtbegin.o
 *(.bss*)
 *(COMMON)
 COMMON         0x0000000020000028       0x64 Core/Src/main.o
                0x0000000020000028                hspi1
 COMMON         0x000000002000008c        0x4 Drivers/STM32F0xx_HAL_Driver/stm32f0xx_hal.o
                0x000000002000008c                uwTick
                0x0000000020000090                . = ALIGN (0x4)
                0x0000000020000090                _ebss = .
                0x0000000020000090                __bss_end__ = _ebss

._user_heap_stack
                0x0000000020000090      0x600 load address 0x00000000080014ec
                0x0000000020000090                . = ALIGN (0x8)
                [!provide]                        PROVIDE (end = .)
                0x0000000020000090                PROVIDE (_end = .)
                0x0000000020000290                . = (. + _Min_Heap_Size)
 *fill*         0x0000000020000090      0x200 
                0x0000000020000690                . = (. + _Min_Stack_Size)
 *fill*         0x0000000020000290      0x400 
                0x0000000020000690                . = ALIGN (0x8)

/DISCARD/
 libc.a(*)
 libm.a(*)
 libgcc.a(*)

.ARM.attributes
                0x0000000000000000       0x28
 *(.ARM.attributes)
 .ARM.attributes
                0x0000000000000000       0x1e /opt/st/stm32cubeide_1.5.1/plugins/com.st.stm32cube.ide.mcu.externaltools.gnu-tools-for-stm32.7-2018-q2-update.linux64_1.5.0.202011040924/tools/bin/../lib/gcc/arm-none-eabi/7.3.1/thumb/v6-m/crti.o
 .ARM.attributes
                0x000000000000001e       0x2c /opt/st/stm32cubeide_1.5.1/plugins/com.st.stm32cube.ide.mcu.externaltools.gnu-tools-for-stm32.7-2018-q2-update.linux64_1.5.0.202011040924/tools/bin/../lib/gcc/arm-none-eabi/7.3.1/thumb/v6-m/crtbegin.o
 .ARM.attributes
                0x000000000000004a       0x31 Core/Application/TheMain.o
 .ARM.attributes
                0x000000000000007b       0x31 Core/Src/main.o
 .ARM.attributes
                0x00000000000000ac       0x31 Core/Src/stm32f0xx_hal_msp.o
 .ARM.attributes
                0x00000000000000dd       0x31 Core/Src/stm32f0xx_it.o
 .ARM.attributes
                0x000000000000010e       0x31 Core/Src/system_stm32f0xx.o
 .ARM.attributes
                0x000000000000013f       0x21 Core/Startup/startup_stm32f030f4px.o
 .ARM.attributes
                0x0000000000000160       0x31 Drivers/STM32F0xx_HAL_Driver/stm32f0xx_hal.o
 .ARM.attributes
                0x0000000000000191       0x31 Drivers/STM32F0xx_HAL_Driver/stm32f0xx_hal_cortex.o
 .ARM.attributes
                0x00000000000001c2       0x31 Drivers/STM32F0xx_HAL_Driver/stm32f0xx_hal_gpio.o
 .ARM.attributes
                0x00000000000001f3       0x31 Drivers/STM32F0xx_HAL_Driver/stm32f0xx_hal_rcc.o
 .ARM.attributes
                0x0000000000000224       0x31 Drivers/STM32F0xx_HAL_Driver/stm32f0xx_hal_spi.o
 .ARM.attributes
                0x0000000000000255       0x2c /opt/st/stm32cubeide_1.5.1/plugins/com.st.stm32cube.ide.mcu.externaltools.gnu-tools-for-stm32.7-2018-q2-update.linux64_1.5.0.202011040924/tools/bin/../lib/gcc/arm-none-eabi/7.3.1/../../../../arm-none-eabi/lib/thumb/v6-m/libc_nano.a(lib_a-init.o)
 .ARM.attributes
                0x0000000000000281       0x2c /opt/st/stm32cubeide_1.5.1/plugins/com.st.stm32cube.ide.mcu.externaltools.gnu-tools-for-stm32.7-2018-q2-update.linux64_1.5.0.202011040924/tools/bin/../lib/gcc/arm-none-eabi/7.3.1/../../../../arm-none-eabi/lib/thumb/v6-m/libc_nano.a(lib_a-memset.o)
 .ARM.attributes
                0x00000000000002ad       0x1e /opt/st/stm32cubeide_1.5.1/plugins/com.st.stm32cube.ide.mcu.externaltools.gnu-tools-for-stm32.7-2018-q2-update.linux64_1.5.0.202011040924/tools/bin/../lib/gcc/arm-none-eabi/7.3.1/thumb/v6-m/libgcc.a(_udivsi3.o)
 .ARM.attributes
                0x00000000000002cb       0x1e /opt/st/stm32cubeide_1.5.1/plugins/com.st.stm32cube.ide.mcu.externaltools.gnu-tools-for-stm32.7-2018-q2-update.linux64_1.5.0.202011040924/tools/bin/../lib/gcc/arm-none-eabi/7.3.1/thumb/v6-m/libgcc.a(_dvmd_tls.o)
 .ARM.attributes
                0x00000000000002e9       0x1e /opt/st/stm32cubeide_1.5.1/plugins/com.st.stm32cube.ide.mcu.externaltools.gnu-tools-for-stm32.7-2018-q2-update.linux64_1.5.0.202011040924/tools/bin/../lib/gcc/arm-none-eabi/7.3.1/thumb/v6-m/crtn.o
OUTPUT(Remote.elf elf32-littlearm)

.debug_info     0x0000000000000000     0x4a75
 .debug_info    0x0000000000000000      0x19f Core/Application/TheMain.o
 .debug_info    0x000000000000019f      0x9a4 Core/Src/main.o
 .debug_info    0x0000000000000b43      0x875 Core/Src/stm32f0xx_hal_msp.o
 .debug_info    0x00000000000013b8      0x1a2 Core/Src/stm32f0xx_it.o
 .debug_info    0x000000000000155a      0x29e Core/Src/system_stm32f0xx.o
 .debug_info    0x00000000000017f8       0x22 Core/Startup/startup_stm32f030f4px.o
 .debug_info    0x000000000000181a      0x667 Drivers/STM32F0xx_HAL_Driver/stm32f0xx_hal.o
 .debug_info    0x0000000000001e81      0x744 Drivers/STM32F0xx_HAL_Driver/stm32f0xx_hal_cortex.o
 .debug_info    0x00000000000025c5      0x66f Drivers/STM32F0xx_HAL_Driver/stm32f0xx_hal_gpio.o
 .debug_info    0x0000000000002c34      0x80a Drivers/STM32F0xx_HAL_Driver/stm32f0xx_hal_rcc.o
 .debug_info    0x000000000000343e     0x1637 Drivers/STM32F0xx_HAL_Driver/stm32f0xx_hal_spi.o

.debug_abbrev   0x0000000000000000     0x10d2
 .debug_abbrev  0x0000000000000000       0xfc Core/Application/TheMain.o
 .debug_abbrev  0x00000000000000fc      0x1eb Core/Src/main.o
 .debug_abbrev  0x00000000000002e7      0x18c Core/Src/stm32f0xx_hal_msp.o
 .debug_abbrev  0x0000000000000473       0xc6 Core/Src/stm32f0xx_it.o
 .debug_abbrev  0x0000000000000539      0x12b Core/Src/system_stm32f0xx.o
 .debug_abbrev  0x0000000000000664       0x12 Core/Startup/startup_stm32f030f4px.o
 .debug_abbrev  0x0000000000000676      0x1f2 Drivers/STM32F0xx_HAL_Driver/stm32f0xx_hal.o
 .debug_abbrev  0x0000000000000868      0x273 Drivers/STM32F0xx_HAL_Driver/stm32f0xx_hal_cortex.o
 .debug_abbrev  0x0000000000000adb      0x1c0 Drivers/STM32F0xx_HAL_Driver/stm32f0xx_hal_gpio.o
 .debug_abbrev  0x0000000000000c9b      0x20f Drivers/STM32F0xx_HAL_Driver/stm32f0xx_hal_rcc.o
 .debug_abbrev  0x0000000000000eaa      0x228 Drivers/STM32F0xx_HAL_Driver/stm32f0xx_hal_spi.o

.debug_aranges  0x0000000000000000      0x570
 .debug_aranges
                0x0000000000000000       0x30 Core/Application/TheMain.o
 .debug_aranges
                0x0000000000000030       0x40 Core/Src/main.o
 .debug_aranges
                0x0000000000000070       0x30 Core/Src/stm32f0xx_hal_msp.o
 .debug_aranges
                0x00000000000000a0       0x40 Core/Src/stm32f0xx_it.o
 .debug_aranges
                0x00000000000000e0       0x28 Core/Src/system_stm32f0xx.o
 .debug_aranges
                0x0000000000000108       0x28 Core/Startup/startup_stm32f030f4px.o
 .debug_aranges
                0x0000000000000130       0xd0 Drivers/STM32F0xx_HAL_Driver/stm32f0xx_hal.o
 .debug_aranges
                0x0000000000000200       0xc0 Drivers/STM32F0xx_HAL_Driver/stm32f0xx_hal_cortex.o
 .debug_aranges
                0x00000000000002c0       0x58 Drivers/STM32F0xx_HAL_Driver/stm32f0xx_hal_gpio.o
 .debug_aranges
                0x0000000000000318       0x80 Drivers/STM32F0xx_HAL_Driver/stm32f0xx_hal_rcc.o
 .debug_aranges
                0x0000000000000398      0x1d8 Drivers/STM32F0xx_HAL_Driver/stm32f0xx_hal_spi.o

.debug_ranges   0x0000000000000000      0x4c8
 .debug_ranges  0x0000000000000000       0x20 Core/Application/TheMain.o
 .debug_ranges  0x0000000000000020       0x30 Core/Src/main.o
 .debug_ranges  0x0000000000000050       0x20 Core/Src/stm32f0xx_hal_msp.o
 .debug_ranges  0x0000000000000070       0x30 Core/Src/stm32f0xx_it.o
 .debug_ranges  0x00000000000000a0       0x18 Core/Src/system_stm32f0xx.o
 .debug_ranges  0x00000000000000b8       0x20 Core/Startup/startup_stm32f030f4px.o
 .debug_ranges  0x00000000000000d8       0xc0 Drivers/STM32F0xx_HAL_Driver/stm32f0xx_hal.o
 .debug_ranges  0x0000000000000198       0xb0 Drivers/STM32F0xx_HAL_Driver/stm32f0xx_hal_cortex.o
 .debug_ranges  0x0000000000000248       0x48 Drivers/STM32F0xx_HAL_Driver/stm32f0xx_hal_gpio.o
 .debug_ranges  0x0000000000000290       0x70 Drivers/STM32F0xx_HAL_Driver/stm32f0xx_hal_rcc.o
 .debug_ranges  0x0000000000000300      0x1c8 Drivers/STM32F0xx_HAL_Driver/stm32f0xx_hal_spi.o

.debug_macro    0x0000000000000000     0xf4f5
 .debug_macro   0x0000000000000000      0x1c6 Core/Application/TheMain.o
 .debug_macro   0x00000000000001c6      0xb26 Core/Application/TheMain.o
 .debug_macro   0x0000000000000cec      0x12d Core/Application/TheMain.o
 .debug_macro   0x0000000000000e19       0x2e Core/Application/TheMain.o
 .debug_macro   0x0000000000000e47       0x22 Core/Application/TheMain.o
 .debug_macro   0x0000000000000e69       0x1c Core/Application/TheMain.o
 .debug_macro   0x0000000000000e85       0x22 Core/Application/TheMain.o
 .debug_macro   0x0000000000000ea7       0x8e Core/Application/TheMain.o
 .debug_macro   0x0000000000000f35       0x51 Core/Application/TheMain.o
 .debug_macro   0x0000000000000f86       0xef Core/Application/TheMain.o
 .debug_macro   0x0000000000001075       0x6a Core/Application/TheMain.o
 .debug_macro   0x00000000000010df      0x1df Core/Application/TheMain.o
 .debug_macro   0x00000000000012be       0x1c Core/Application/TheMain.o
 .debug_macro   0x00000000000012da       0x22 Core/Application/TheMain.o
 .debug_macro   0x00000000000012fc       0xb5 Core/Application/TheMain.o
 .debug_macro   0x00000000000013b1      0x391 Core/Application/TheMain.o
 .debug_macro   0x0000000000001742     0x6e60 Core/Application/TheMain.o
 .debug_macro   0x00000000000085a2       0x3c Core/Application/TheMain.o
 .debug_macro   0x00000000000085de     0x3461 Core/Application/TheMain.o
 .debug_macro   0x000000000000ba3f      0x17b Core/Application/TheMain.o
 .debug_macro   0x000000000000bbba       0x55 Core/Application/TheMain.o
 .debug_macro   0x000000000000bc0f      0x924 Core/Application/TheMain.o
 .debug_macro   0x000000000000c533       0xe5 Core/Application/TheMain.o
 .debug_macro   0x000000000000c618      0x12f Core/Application/TheMain.o
 .debug_macro   0x000000000000c747       0xb3 Core/Application/TheMain.o
 .debug_macro   0x000000000000c7fa      0x1a0 Core/Application/TheMain.o
 .debug_macro   0x000000000000c99a      0x1ed Core/Application/TheMain.o
 .debug_macro   0x000000000000cb87       0x34 Core/Application/TheMain.o
 .debug_macro   0x000000000000cbbb       0x43 Core/Application/TheMain.o
 .debug_macro   0x000000000000cbfe       0x28 Core/Application/TheMain.o
 .debug_macro   0x000000000000cc26       0xb0 Core/Application/TheMain.o
 .debug_macro   0x000000000000ccd6      0x15a Core/Application/TheMain.o
 .debug_macro   0x000000000000ce30      0x22c Core/Application/TheMain.o
 .debug_macro   0x000000000000d05c       0x60 Core/Application/TheMain.o
 .debug_macro   0x000000000000d0bc       0xa5 Core/Application/TheMain.o
 .debug_macro   0x000000000000d161       0x4c Core/Application/TheMain.o
 .debug_macro   0x000000000000d1ad       0x2b Core/Application/TheMain.o
 .debug_macro   0x000000000000d1d8      0x2fe Core/Application/TheMain.o
 .debug_macro   0x000000000000d4d6       0xf1 Core/Application/TheMain.o
 .debug_macro   0x000000000000d5c7       0x10 Core/Application/TheMain.o
 .debug_macro   0x000000000000d5d7      0x1bd Core/Src/main.o
 .debug_macro   0x000000000000d794      0xa4e Core/Src/main.o
 .debug_macro   0x000000000000e1e2      0x391 Core/Src/main.o
 .debug_macro   0x000000000000e573      0x174 Core/Src/main.o
 .debug_macro   0x000000000000e6e7      0x1bd Core/Src/stm32f0xx_hal_msp.o
 .debug_macro   0x000000000000e8a4      0x1c7 Core/Src/stm32f0xx_it.o
 .debug_macro   0x000000000000ea6b      0x1ae Core/Src/system_stm32f0xx.o
 .debug_macro   0x000000000000ec19      0x1d2 Drivers/STM32F0xx_HAL_Driver/stm32f0xx_hal.o
 .debug_macro   0x000000000000edeb      0x1ae Drivers/STM32F0xx_HAL_Driver/stm32f0xx_hal_cortex.o
 .debug_macro   0x000000000000ef99      0x1e6 Drivers/STM32F0xx_HAL_Driver/stm32f0xx_hal_gpio.o
 .debug_macro   0x000000000000f17f      0x1c0 Drivers/STM32F0xx_HAL_Driver/stm32f0xx_hal_rcc.o
 .debug_macro   0x000000000000f33f      0x1b6 Drivers/STM32F0xx_HAL_Driver/stm32f0xx_hal_spi.o

.debug_line     0x0000000000000000     0x5e30
 .debug_line    0x0000000000000000      0x784 Core/Application/TheMain.o
 .debug_line    0x0000000000000784      0x7ca Core/Src/main.o
 .debug_line    0x0000000000000f4e      0x785 Core/Src/stm32f0xx_hal_msp.o
 .debug_line    0x00000000000016d3      0x7ae Core/Src/stm32f0xx_it.o
 .debug_line    0x0000000000001e81      0x770 Core/Src/system_stm32f0xx.o
 .debug_line    0x00000000000025f1       0x89 Core/Startup/startup_stm32f030f4px.o
 .debug_line    0x000000000000267a      0x940 Drivers/STM32F0xx_HAL_Driver/stm32f0xx_hal.o
 .debug_line    0x0000000000002fba      0x958 Drivers/STM32F0xx_HAL_Driver/stm32f0xx_hal_cortex.o
 .debug_line    0x0000000000003912      0x903 Drivers/STM32F0xx_HAL_Driver/stm32f0xx_hal_gpio.o
 .debug_line    0x0000000000004215      0xa01 Drivers/STM32F0xx_HAL_Driver/stm32f0xx_hal_rcc.o
 .debug_line    0x0000000000004c16     0x121a Drivers/STM32F0xx_HAL_Driver/stm32f0xx_hal_spi.o

.debug_str      0x0000000000000000    0x558b7
 .debug_str     0x0000000000000000    0x53ec4 Core/Application/TheMain.o
                                      0x54140 (size before relaxing)
 .debug_str     0x0000000000053ec4      0x79c Core/Src/main.o
                                      0x542ba (size before relaxing)
 .debug_str     0x0000000000054660       0x53 Core/Src/stm32f0xx_hal_msp.o
                                      0x54166 (size before relaxing)
 .debug_str     0x00000000000546b3       0x76 Core/Src/stm32f0xx_it.o
                                      0x53ceb (size before relaxing)
 .debug_str     0x0000000000054729       0x5f Core/Src/system_stm32f0xx.o
                                      0x53cdc (size before relaxing)
 .debug_str     0x0000000000054788       0x36 Core/Startup/startup_stm32f030f4px.o
                                         0x6d (size before relaxing)
 .debug_str     0x00000000000547be      0x439 Drivers/STM32F0xx_HAL_Driver/stm32f0xx_hal.o
                                      0x541e3 (size before relaxing)
 .debug_str     0x0000000000054bf7      0x238 Drivers/STM32F0xx_HAL_Driver/stm32f0xx_hal_cortex.o
                                      0x5409b (size before relaxing)
 .debug_str     0x0000000000054e2f      0x263 Drivers/STM32F0xx_HAL_Driver/stm32f0xx_hal_gpio.o
                                      0x53fac (size before relaxing)
 .debug_str     0x0000000000055092      0x274 Drivers/STM32F0xx_HAL_Driver/stm32f0xx_hal_rcc.o
                                      0x5411a (size before relaxing)
 .debug_str     0x0000000000055306      0x5b1 Drivers/STM32F0xx_HAL_Driver/stm32f0xx_hal_spi.o
                                      0x54649 (size before relaxing)

.comment        0x0000000000000000       0x7b
 .comment       0x0000000000000000       0x7b Core/Application/TheMain.o
                                         0x7c (size before relaxing)
 .comment       0x000000000000007b       0x7c Core/Src/main.o
 .comment       0x000000000000007b       0x7c Core/Src/stm32f0xx_hal_msp.o
 .comment       0x000000000000007b       0x7c Core/Src/stm32f0xx_it.o
 .comment       0x000000000000007b       0x7c Core/Src/system_stm32f0xx.o
 .comment       0x000000000000007b       0x7c Drivers/STM32F0xx_HAL_Driver/stm32f0xx_hal.o
 .comment       0x000000000000007b       0x7c Drivers/STM32F0xx_HAL_Driver/stm32f0xx_hal_cortex.o
 .comment       0x000000000000007b       0x7c Drivers/STM32F0xx_HAL_Driver/stm32f0xx_hal_gpio.o
 .comment       0x000000000000007b       0x7c Drivers/STM32F0xx_HAL_Driver/stm32f0xx_hal_rcc.o
 .comment       0x000000000000007b       0x7c Drivers/STM32F0xx_HAL_Driver/stm32f0xx_hal_spi.o

.debug_frame    0x0000000000000000     0x11c8
 .debug_frame   0x0000000000000000       0x64 Core/Application/TheMain.o
 .debug_frame   0x0000000000000064       0xa4 Core/Src/main.o
 .debug_frame   0x0000000000000108       0x70 Core/Src/stm32f0xx_hal_msp.o
 .debug_frame   0x0000000000000178       0x9c Core/Src/stm32f0xx_it.o
 .debug_frame   0x0000000000000214       0x4c Core/Src/system_stm32f0xx.o
 .debug_frame   0x0000000000000260      0x2a4 Drivers/STM32F0xx_HAL_Driver/stm32f0xx_hal.o
 .debug_frame   0x0000000000000504      0x2a0 Drivers/STM32F0xx_HAL_Driver/stm32f0xx_hal_cortex.o
 .debug_frame   0x00000000000007a4      0x110 Drivers/STM32F0xx_HAL_Driver/stm32f0xx_hal_gpio.o
 .debug_frame   0x00000000000008b4      0x198 Drivers/STM32F0xx_HAL_Driver/stm32f0xx_hal_rcc.o
 .debug_frame   0x0000000000000a4c      0x710 Drivers/STM32F0xx_HAL_Driver/stm32f0xx_hal_spi.o
 .debug_frame   0x000000000000115c       0x2c /opt/st/stm32cubeide_1.5.1/plugins/com.st.stm32cube.ide.mcu.externaltools.gnu-tools-for-stm32.7-2018-q2-update.linux64_1.5.0.202011040924/tools/bin/../lib/gcc/arm-none-eabi/7.3.1/../../../../arm-none-eabi/lib/thumb/v6-m/libc_nano.a(lib_a-init.o)
 .debug_frame   0x0000000000001188       0x20 /opt/st/stm32cubeide_1.5.1/plugins/com.st.stm32cube.ide.mcu.externaltools.gnu-tools-for-stm32.7-2018-q2-update.linux64_1.5.0.202011040924/tools/bin/../lib/gcc/arm-none-eabi/7.3.1/../../../../arm-none-eabi/lib/thumb/v6-m/libc_nano.a(lib_a-memset.o)
 .debug_frame   0x00000000000011a8       0x20 /opt/st/stm32cubeide_1.5.1/plugins/com.st.stm32cube.ide.mcu.externaltools.gnu-tools-for-stm32.7-2018-q2-update.linux64_1.5.0.202011040924/tools/bin/../lib/gcc/arm-none-eabi/7.3.1/thumb/v6-m/libgcc.a(_udivsi3.o)
